R8#sh run
Building configuration...

Current configuration : 1654 bytes
!
version 15.2
service timestamps debug datetime msec
service timestamps log datetime msec
!
hostname R8
!
boot-start-marker
boot-end-marker
!
!
!
no aaa new-model
no ip icmp rate-limit unreachable
!
!
!
!
!
!
no ip domain lookup
ip cef
no ipv6 cef
!
!
multilink bundle-name authenticated
!
!
!
!
!
!
!
!
!
!
!
!
ip tcp synwait-time 5
!
!
!
!
!
!
!
!
!
interface Loopback1
 ip address 80.1.1.1 255.255.255.0
!
interface Loopback2
 ip address 80.1.2.1 255.255.255.0
!
interface Loopback3
 ip address 80.1.3.1 255.255.255.0
!
interface Loopback4
 ip address 80.1.4.1 255.255.255.0
!
interface Loopback5
 ip address 80.1.5.1 255.255.255.0
!
interface FastEthernet0/0
 no ip address
 shutdown
 speed auto
 duplex auto
!
interface FastEthernet0/1
 no ip address
 shutdown
 speed auto
 duplex auto
!
interface GigabitEthernet1/0
 ip address 172.27.87.2 255.255.255.252
 negotiation auto
!
interface Serial2/0
 no ip address
 shutdown
 serial restart-delay 0
!
interface Serial2/1
 no ip address
 shutdown
 serial restart-delay 0
!
interface Serial2/2
 no ip address
 shutdown
 serial restart-delay 0
!
interface Serial2/3
 no ip address
 shutdown
 serial restart-delay 0
!
router bgp 200
 bgp log-neighbor-changes
 network 80.1.1.0 mask 255.255.255.0
 aggregate-address 80.1.0.0 255.255.0.0 as-set summary-only
 redistribute ospf 1
 neighbor 172.27.87.1 remote-as 100
!
ip forward-protocol nd
!
!
no ip http server
no ip http secure-server
!
!
!
!
control-plane
!
!
line con 0
 exec-timeout 0 0
 privilege level 15
 logging synchronous
 stopbits 1
line aux 0
 exec-timeout 0 0
 privilege level 15
 logging synchronous
 stopbits 1
line vty 0 4
 login
!
!
end

R8#

R8#sh ip route
Codes: L - local, C - connected, S - static, R - RIP, M - mobile, B - BGP
       D - EIGRP, EX - EIGRP external, O - OSPF, IA - OSPF inter area
       N1 - OSPF NSSA external type 1, N2 - OSPF NSSA external type 2
       E1 - OSPF external type 1, E2 - OSPF external type 2
       i - IS-IS, su - IS-IS summary, L1 - IS-IS level-1, L2 - IS-IS level-2
       ia - IS-IS inter area, * - candidate default, U - per-user static route
       o - ODR, P - periodic downloaded static route, H - NHRP, l - LISP
       + - replicated route, % - next hop override

Gateway of last resort is 172.27.87.1 to network 0.0.0.0

B*    0.0.0.0/0 [20/1] via 172.27.87.1, 01:54:26
      2.0.0.0/24 is subnetted, 1 subnets
B        2.2.2.0 [20/20] via 172.27.87.1, 01:54:26
      10.0.0.0/32 is subnetted, 5 subnets
B        10.1.1.1 [20/3] via 172.27.87.1, 00:18:23
B        10.1.2.1 [20/3] via 172.27.87.1, 00:18:23
B        10.1.3.1 [20/3] via 172.27.87.1, 00:18:23
B        10.1.4.1 [20/3] via 172.27.87.1, 00:18:23
B        10.1.5.1 [20/3] via 172.27.87.1, 00:18:23
      60.0.0.0/21 is subnetted, 1 subnets
B        60.1.0.0 [20/20] via 172.27.87.1, 00:19:39
      70.0.0.0/24 is subnetted, 5 subnets
B        70.1.1.0 [20/0] via 172.27.87.1, 02:00:18
B        70.1.2.0 [20/0] via 172.27.87.1, 02:00:18
B        70.1.3.0 [20/0] via 172.27.87.1, 02:00:18
B        70.1.4.0 [20/0] via 172.27.87.1, 02:00:18
B        70.1.5.0 [20/0] via 172.27.87.1, 02:00:18
      80.0.0.0/8 is variably subnetted, 11 subnets, 3 masks
B        80.1.0.0/16 [200/0] via 0.0.0.0, 02:00:18, Null0
C        80.1.1.0/24 is directly connected, Loopback1
L        80.1.1.1/32 is directly connected, Loopback1
C        80.1.2.0/24 is directly connected, Loopback2
L        80.1.2.1/32 is directly connected, Loopback2
C        80.1.3.0/24 is directly connected, Loopback3
L        80.1.3.1/32 is directly connected, Loopback3
C        80.1.4.0/24 is directly connected, Loopback4
L        80.1.4.1/32 is directly connected, Loopback4
C        80.1.5.0/24 is directly connected, Loopback5
L        80.1.5.1/32 is directly connected, Loopback5
      100.0.0.0/32 is subnetted, 5 subnets
B        100.1.1.1 [20/5] via 172.27.87.1, 00:13:21
B        100.1.2.1 [20/5] via 172.27.87.1, 00:13:21
B        100.1.3.1 [20/5] via 172.27.87.1, 00:12:52
B        100.1.4.1 [20/5] via 172.27.87.1, 00:12:52
B        100.1.5.1 [20/5] via 172.27.87.1, 00:13:21
      172.27.0.0/16 is variably subnetted, 8 subnets, 3 masks
B        172.27.0.0/24 [20/2] via 172.27.87.1, 00:18:23
B        172.27.62.0/30 [20/20] via 172.27.87.1, 01:54:26
B        172.27.74.0/30 [20/0] via 172.27.87.1, 02:00:18
B        172.27.75.0/30 [20/0] via 172.27.87.1, 02:00:18
C        172.27.87.0/30 is directly connected, GigabitEthernet1/0
L        172.27.87.2/32 is directly connected, GigabitEthernet1/0
B        172.27.93.0/30 [20/3] via 172.27.87.1, 00:18:23
B        172.27.109.0/30 [20/4] via 172.27.87.1, 00:13:21
B     192.168.122.0/24 [20/3] via 172.27.87.1, 00:18:23
R8#
R8#
R8#sh ip bgp
BGP table version is 157, local router ID is 80.1.5.1
Status codes: s suppressed, d damped, h history, * valid, > best, i - internal,
              r RIB-failure, S Stale, m multipath, b backup-path, f RT-Filter,
              x best-external, a additional-path, c RIB-compressed,
Origin codes: i - IGP, e - EGP, ? - incomplete
RPKI validation codes: V valid, I invalid, N Not found

     Network          Next Hop            Metric LocPrf Weight Path
 *>  0.0.0.0          172.27.87.1              1             0 100 i
 *>  2.2.2.0/24       172.27.87.1             20             0 100 ?
 *>  10.1.1.1/32      172.27.87.1              3             0 100 ?
 *>  10.1.2.1/32      172.27.87.1              3             0 100 ?
 *>  10.1.3.1/32      172.27.87.1              3             0 100 ?
 *>  10.1.4.1/32      172.27.87.1              3             0 100 ?
 *>  10.1.5.1/32      172.27.87.1              3             0 100 ?
 *>  60.1.0.0/21      172.27.87.1             20             0 100 ?
 *>  70.1.1.0/24      172.27.87.1              0             0 100 ?
 *>  70.1.2.0/24      172.27.87.1              0             0 100 ?
 *>  70.1.3.0/24      172.27.87.1              0             0 100 ?
 *>  70.1.4.0/24      172.27.87.1              0             0 100 ?
 *>  70.1.5.0/24      172.27.87.1              0             0 100 ?
 *>  80.1.0.0/16      0.0.0.0                       100  32768 i
     Network          Next Hop            Metric LocPrf Weight Path
 s>  80.1.1.0/24      0.0.0.0                  0         32768 i
 *>  100.1.1.1/32     172.27.87.1              5             0 100 ?
 *>  100.1.2.1/32     172.27.87.1              5             0 100 ?
 *>  100.1.3.1/32     172.27.87.1              5             0 100 ?
 *>  100.1.4.1/32     172.27.87.1              5             0 100 ?
 *>  100.1.5.1/32     172.27.87.1              5             0 100 ?
 *>  172.27.0.0/24    172.27.87.1              2             0 100 ?
 *>  172.27.62.0/30   172.27.87.1             20             0 100 ?
 *>  172.27.74.0/30   172.27.87.1              0             0 100 ?
 *>  172.27.75.0/30   172.27.87.1              0             0 100 ?
 *>  172.27.93.0/30   172.27.87.1              3             0 100 ?
 *>  172.27.109.0/30  172.27.87.1              4             0 100 ?
 *>  192.168.122.0    172.27.87.1              3             0 100 ?
R8# sh ip bgp su
R8# sh ip bgp summary
BGP router identifier 80.1.5.1, local AS number 200
BGP table version is 157, main routing table version 157
27 network entries using 3888 bytes of memory
27 path entries using 2160 bytes of memory
9/9 BGP path/bestpath attribute entries using 1224 bytes of memory
1 BGP AS-PATH entries using 24 bytes of memory
0 BGP route-map cache entries using 0 bytes of memory
0 BGP filter-list cache entries using 0 bytes of memory
BGP using 7296 total bytes of memory
BGP activity 45/18 prefixes, 59/32 paths, scan interval 60 secs

Neighbor        V           AS MsgRcvd MsgSent   TblVer  InQ OutQ Up/Down  State/PfxRcd
172.27.87.1     4          100     199     137      157    0    0 02:01:18       25
R8#

